// Jest Snapshot v1, https://goo.gl/fbAQLP

exports[`Cart should render with given state from Redux Store 1`] = `
<div
  className="sc-bdnylx"
>
  <table
    className="sc-gtssRu"
  >
    <tbody>
      <tr
        className="sc-dlnjPT eMGgmT"
      >
        <td>
          <img
            alt="test"
            src="test"
            style={
              Object {
                "height": 100,
                "width": 100,
              }
            }
          />
        </td>
        <td
          className="sc-hKFyIo eRPwzg"
        >
          test
          <div
            className="sc-eCApGN keFIjH"
          >
            <button
              className="sc-jSFkmK dafcKe"
              itemID="add_test"
              onClick={[Function]}
              type="button"
            >
              <svg
                fill="none"
                height={16}
                size={16}
                stroke="currentColor"
                strokeLinecap="round"
                strokeLinejoin="round"
                strokeWidth="2"
                style={
                  Object {
                    "color": undefined,
                  }
                }
                viewBox="0 0 24 24"
                width={16}
                xmlns="http://www.w3.org/2000/svg"
              >
                <line
                  x1="12"
                  x2="12"
                  y1="5"
                  y2="19"
                />
                <line
                  x1="5"
                  x2="19"
                  y1="12"
                  y2="12"
                />
              </svg>
            </button>
            <p
              className="sc-gKAblj fBUFXf"
            >
              2
            </p>
            <button
              className="sc-jSFkmK dafcKe"
              itemID="remove_test"
              onClick={[Function]}
              type="button"
            >
              <svg
                fill="none"
                height={16}
                size={16}
                stroke="currentColor"
                strokeLinecap="round"
                strokeLinejoin="round"
                strokeWidth="2"
                style={
                  Object {
                    "color": undefined,
                  }
                }
                viewBox="0 0 24 24"
                width={16}
                xmlns="http://www.w3.org/2000/svg"
              >
                <line
                  x1="5"
                  x2="19"
                  y1="12"
                  y2="12"
                />
              </svg>
            </button>
          </div>
        </td>
        <td
          className="sc-hKFyIo eRPwzg"
        >
          40.00
        </td>
      </tr>
    </tbody>
  </table>
</div>
`;
